Archive member included to satisfy reference by file (symbol)

/opt/riscv/lib/gcc/riscv32-unknown-elf/12.1.0/libgcc.a(muldi3.o)
                              uart.elf-matmul.o (__mulsi3)

Memory Configuration

Name             Origin             Length             Attributes
vexriscv_debug   0x00000000f00f0000 0x0000000000000100
dff              0x0000000000000000 0x0000000000000400
dff2             0x0000000000000400 0x0000000000000200
flash            0x0000000010000000 0x0000000001000000
mprj             0x0000000030000000 0x0000000000100000
mprjram          0x0000000038000000 0x0000000000400000
hk               0x0000000026000000 0x0000000000100000
csr              0x00000000f0000000 0x0000000000010000
*default*        0x0000000000000000 0xffffffffffffffff

Linker script and memory map

                0x0000000000000000                __DYNAMIC = 0x0

.text           0x0000000010000000      0xac4
                0x0000000010000000                _ftext = .
 *crt0*(.text)
 .text          0x0000000010000000      0x148 uart.elf-crt0_vex.o
                0x0000000010000000                _start
                0x0000000010000020                trap_entry
 *crt0*(.text)
 *(.text.isr)
                0x0000000010000148                _etext = .
 .text          0x0000000010000148      0x15c uart.elf-isr.o
                0x0000000010000238                isr
 .text          0x00000000100002a4       0x38 uart.elf-uart.o
 .text          0x00000000100002dc        0x0 uart.elf-matmul.o
 .text          0x00000000100002dc        0x0 uart.elf-qsort.o
 .text          0x00000000100002dc        0x0 uart.elf-fir.o
 .text          0x00000000100002dc      0x7e8 uart.elf-counter_la_uart.o
                0x00000000100003cc                main

.mprj           0x0000000010000ac4      0x1ec
 .mprj          0x0000000010000ac4      0x1ec uart.elf-uart.o
                0x0000000010000ac4                uart_write
                0x0000000010000b0c                uart_write_char
                0x0000000010000b74                uart_write_string
                0x0000000010000bc8                uart_read_char
                0x0000000010000c3c                uart_read

.rodata         0x0000000010000cb0        0x0
                0x0000000010000cb0                . = ALIGN (0x8)
 *fill*         0x0000000010000cb0        0x0 
                0x0000000010000cb0                _frodata = .
 *(.rodata .rodata.* .gnu.linkonce.r.*)
 *(.rodata1)
                0x0000000010000cb0                . = ALIGN (0x8)
                0x0000000010000cb0                _erodata = .

.data           0x0000000000000000      0x108 load address 0x0000000010000cb0
                0x0000000000000000                . = ALIGN (0x8)
                0x0000000000000000                _fdata = .
 *(.data .data.* .gnu.linkonce.d.*)
 .data          0x0000000000000000        0x0 uart.elf-crt0_vex.o
 .data          0x0000000000000000        0x0 uart.elf-isr.o
 .data          0x0000000000000000        0x0 uart.elf-uart.o
 .data          0x0000000000000000       0x80 uart.elf-matmul.o
                0x0000000000000000                A1
                0x0000000000000040                B1
 .data          0x0000000000000080       0x28 uart.elf-qsort.o
                0x0000000000000080                A
 .data          0x00000000000000a8       0x58 uart.elf-fir.o
                0x00000000000000a8                taps
                0x00000000000000d4                inputsignal
 .data          0x0000000000000100        0x0 uart.elf-counter_la_uart.o
 .data          0x0000000000000100        0x0 /opt/riscv/lib/gcc/riscv32-unknown-elf/12.1.0/libgcc.a(muldi3.o)
 *(.data1)
                0x0000000000000100                _gp = ALIGN (0x10)
 *(.sdata .sdata.* .gnu.linkonce.s.*)
 .sdata         0x0000000000000100        0x4 uart.elf-isr.o
                0x0000000000000100                counter
                0x0000000000000108                . = ALIGN (0x8)
 *fill*         0x0000000000000104        0x4 
                0x0000000000000108                _edata = .

.bss            0x0000000000000108       0x98 load address 0x0000000010000db8
                0x0000000000000108                . = ALIGN (0x8)
                0x0000000000000108                _fbss = .
 *(.dynsbss)
 *(.sbss .sbss.* .gnu.linkonce.sb.*)
 *(.scommon)
 *(.dynbss)
 *(.bss .bss.* .gnu.linkonce.b.*)
 .bss           0x0000000000000108        0x0 uart.elf-crt0_vex.o
 .bss           0x0000000000000108        0x0 uart.elf-isr.o
 .bss           0x0000000000000108        0x0 uart.elf-uart.o
 .bss           0x0000000000000108       0x40 uart.elf-matmul.o
                0x0000000000000108                result
 .bss           0x0000000000000148        0x0 uart.elf-qsort.o
 .bss           0x0000000000000148       0x58 uart.elf-fir.o
                0x0000000000000148                inputbuffer
                0x0000000000000174                outputsignal
 .bss           0x00000000000001a0        0x0 uart.elf-counter_la_uart.o
 .bss           0x00000000000001a0        0x0 /opt/riscv/lib/gcc/riscv32-unknown-elf/12.1.0/libgcc.a(muldi3.o)
 *(COMMON)
                0x00000000000001a0                . = ALIGN (0x8)
                0x00000000000001a0                _ebss = .
                0x00000000000001a0                _end = .

.mprjram        0x0000000038000000      0x53c load address 0x0000000010000db8
                0x0000000038000000                . = ALIGN (0x8)
                0x0000000038000000                _fsram = .
 *libgcc.a:*(.text .text.*)
 .text          0x0000000038000000       0x24 /opt/riscv/lib/gcc/riscv32-unknown-elf/12.1.0/libgcc.a(muldi3.o)
                0x0000000038000000                __mulsi3
 .mprjram       0x0000000038000024      0x118 uart.elf-matmul.o
                0x0000000038000024                matmul
 .mprjram       0x000000003800013c      0x228 uart.elf-qsort.o
                0x000000003800013c                partition
                0x00000000380002c0                sort
                0x0000000038000330                qsort
 .mprjram       0x0000000038000364      0x1d8 uart.elf-fir.o
                0x0000000038000364                initfir
                0x00000000380003cc                firfilter
                0x00000000380004bc                fir
                0x0000000000000600                PROVIDE (_fstack = (ORIGIN (dff2) + LENGTH (dff2)))
                0x0000000010000cb0                PROVIDE (_fdata_rom = LOADADDR (.data))
                [!provide]                        PROVIDE (_edata_rom = (LOADADDR (.data) + SIZEOF (.data)))
                0x000000003800053c                PROVIDE (_esram = (ORIGIN (mprjram) + SIZEOF (.mprjram)))
                0x0000000010000db8                PROVIDE (_esram_rom = LOADADDR (.mprjram))
LOAD uart.elf-crt0_vex.o
LOAD uart.elf-isr.o
LOAD uart.elf-uart.o
LOAD uart.elf-matmul.o
LOAD uart.elf-qsort.o
LOAD uart.elf-fir.o
LOAD uart.elf-counter_la_uart.o
LOAD /opt/riscv/lib/gcc/riscv32-unknown-elf/12.1.0/libgcc.a
START GROUP
LOAD /opt/riscv/lib/gcc/riscv32-unknown-elf/12.1.0/../../../../riscv32-unknown-elf/lib/libc.a
LOAD /opt/riscv/lib/gcc/riscv32-unknown-elf/12.1.0/../../../../riscv32-unknown-elf/lib/libgloss.a
END GROUP
LOAD /opt/riscv/lib/gcc/riscv32-unknown-elf/12.1.0/libgcc.a
OUTPUT(uart.elf elf32-littleriscv)

.rela.dyn       0x000000003800053c        0x0 load address 0x00000000100012f4
 .rela.text     0x000000003800053c        0x0 uart.elf-crt0_vex.o

.riscv.attributes
                0x0000000000000000       0x20
 .riscv.attributes
                0x0000000000000000       0x1e uart.elf-crt0_vex.o
 .riscv.attributes
                0x000000000000001e       0x20 uart.elf-isr.o
 .riscv.attributes
                0x000000000000003e       0x1c uart.elf-uart.o
 .riscv.attributes
                0x000000000000005a       0x1c uart.elf-matmul.o
 .riscv.attributes
                0x0000000000000076       0x1c uart.elf-qsort.o
 .riscv.attributes
                0x0000000000000092       0x1c uart.elf-fir.o
 .riscv.attributes
                0x00000000000000ae       0x20 uart.elf-counter_la_uart.o
 .riscv.attributes
                0x00000000000000ce       0x1a /opt/riscv/lib/gcc/riscv32-unknown-elf/12.1.0/libgcc.a(muldi3.o)

.comment        0x0000000000000000       0x1b
 .comment       0x0000000000000000       0x1b uart.elf-isr.o
                                         0x1c (size before relaxing)
 .comment       0x000000000000001b       0x1c uart.elf-uart.o
 .comment       0x000000000000001b       0x1c uart.elf-matmul.o
 .comment       0x000000000000001b       0x1c uart.elf-qsort.o
 .comment       0x000000000000001b       0x1c uart.elf-fir.o
 .comment       0x000000000000001b       0x1c uart.elf-counter_la_uart.o

.debug_line     0x0000000000000000     0x136b
 .debug_line    0x0000000000000000      0x20a uart.elf-crt0_vex.o
 .debug_line    0x000000000000020a      0x151 uart.elf-isr.o
 .debug_line    0x000000000000035b      0x25e uart.elf-uart.o
 .debug_line    0x00000000000005b9      0x16f uart.elf-matmul.o
 .debug_line    0x0000000000000728      0x165 uart.elf-qsort.o
 .debug_line    0x000000000000088d      0x1bf uart.elf-fir.o
 .debug_line    0x0000000000000a4c      0x8a5 uart.elf-counter_la_uart.o
 .debug_line    0x00000000000012f1       0x7a /opt/riscv/lib/gcc/riscv32-unknown-elf/12.1.0/libgcc.a(muldi3.o)

.debug_line_str
                0x0000000000000000      0x1ab
 .debug_line_str
                0x0000000000000000       0x4b uart.elf-crt0_vex.o
 .debug_line_str
                0x000000000000004b       0x8c uart.elf-isr.o
                                        0x109 (size before relaxing)
 .debug_line_str
                0x00000000000000d7       0x8c uart.elf-uart.o
                                         0xd2 (size before relaxing)
 .debug_line_str
                0x00000000000000d7       0x12 uart.elf-matmul.o
                                         0x86 (size before relaxing)
 .debug_line_str
                0x00000000000000e9       0x10 uart.elf-qsort.o
                                         0x82 (size before relaxing)
 .debug_line_str
                0x00000000000000f9        0xc uart.elf-fir.o
                                         0x7a (size before relaxing)
 .debug_line_str
                0x0000000000000105       0x12 uart.elf-counter_la_uart.o
                                        0x11e (size before relaxing)
 .debug_line_str
                0x0000000000000117       0x94 /opt/riscv/lib/gcc/riscv32-unknown-elf/12.1.0/libgcc.a(muldi3.o)

.debug_info     0x0000000000000000      0x86f
 .debug_info    0x0000000000000000       0x25 uart.elf-crt0_vex.o
 .debug_info    0x0000000000000025      0x1a3 uart.elf-isr.o
 .debug_info    0x00000000000001c8      0x18c uart.elf-uart.o
 .debug_info    0x0000000000000354       0xde uart.elf-matmul.o
 .debug_info    0x0000000000000432      0x11d uart.elf-qsort.o
 .debug_info    0x000000000000054f      0x14a uart.elf-fir.o
 .debug_info    0x0000000000000699      0x1a7 uart.elf-counter_la_uart.o
 .debug_info    0x0000000000000840       0x2f /opt/riscv/lib/gcc/riscv32-unknown-elf/12.1.0/libgcc.a(muldi3.o)

.debug_abbrev   0x0000000000000000      0x627
 .debug_abbrev  0x0000000000000000       0x14 uart.elf-crt0_vex.o
 .debug_abbrev  0x0000000000000014      0x131 uart.elf-isr.o
 .debug_abbrev  0x0000000000000145       0xe3 uart.elf-uart.o
 .debug_abbrev  0x0000000000000228       0xbb uart.elf-matmul.o
 .debug_abbrev  0x00000000000002e3       0xe7 uart.elf-qsort.o
 .debug_abbrev  0x00000000000003ca       0xf2 uart.elf-fir.o
 .debug_abbrev  0x00000000000004bc      0x14a uart.elf-counter_la_uart.o
 .debug_abbrev  0x0000000000000606       0x21 /opt/riscv/lib/gcc/riscv32-unknown-elf/12.1.0/libgcc.a(muldi3.o)

.debug_aranges  0x0000000000000000      0x148
 .debug_aranges
                0x0000000000000000       0x20 uart.elf-crt0_vex.o
 .debug_aranges
                0x0000000000000020       0x20 uart.elf-isr.o
 .debug_aranges
                0x0000000000000040       0x48 uart.elf-uart.o
 .debug_aranges
                0x0000000000000088       0x20 uart.elf-matmul.o
 .debug_aranges
                0x00000000000000a8       0x30 uart.elf-qsort.o
 .debug_aranges
                0x00000000000000d8       0x30 uart.elf-fir.o
 .debug_aranges
                0x0000000000000108       0x20 uart.elf-counter_la_uart.o
 .debug_aranges
                0x0000000000000128       0x20 /opt/riscv/lib/gcc/riscv32-unknown-elf/12.1.0/libgcc.a(muldi3.o)

.debug_str      0x0000000000000000      0x30e
 .debug_str     0x0000000000000000       0x57 uart.elf-crt0_vex.o
 .debug_str     0x0000000000000057      0x139 uart.elf-isr.o
                                        0x17a (size before relaxing)
 .debug_str     0x0000000000000190       0x31 uart.elf-uart.o
                                        0x151 (size before relaxing)
 .debug_str     0x00000000000001c1       0x14 uart.elf-matmul.o
                                         0x78 (size before relaxing)
 .debug_str     0x00000000000001d5       0x1b uart.elf-qsort.o
                                         0x84 (size before relaxing)
 .debug_str     0x00000000000001f0       0x55 uart.elf-fir.o
                                         0xb9 (size before relaxing)
 .debug_str     0x0000000000000245       0x2c uart.elf-counter_la_uart.o
                                        0x161 (size before relaxing)
 .debug_str     0x0000000000000271       0x9d /opt/riscv/lib/gcc/riscv32-unknown-elf/12.1.0/libgcc.a(muldi3.o)
                                         0xa9 (size before relaxing)

.debug_frame    0x0000000000000000      0x480
 .debug_frame   0x0000000000000000      0x118 uart.elf-isr.o
 .debug_frame   0x0000000000000118      0x114 uart.elf-uart.o
 .debug_frame   0x000000000000022c       0x38 uart.elf-matmul.o
 .debug_frame   0x0000000000000264       0x84 uart.elf-qsort.o
 .debug_frame   0x00000000000002e8       0x84 uart.elf-fir.o
 .debug_frame   0x000000000000036c      0x114 uart.elf-counter_la_uart.o

.debug_rnglists
                0x0000000000000000       0xa9
 .debug_rnglists
                0x0000000000000000       0x43 uart.elf-uart.o
 .debug_rnglists
                0x0000000000000043       0x16 uart.elf-matmul.o
 .debug_rnglists
                0x0000000000000059       0x28 uart.elf-qsort.o
 .debug_rnglists
                0x0000000000000081       0x28 uart.elf-fir.o
